[2026-01-20T09:48:47.061Z]
Platform: win32
CPU: AMD Ryzen 5 4500U with Radeon Graphics         
Total Memory: 7599.19 MB
Free Memory: 963.96 MB
------------------------------

[2026-01-20T09:48:52.068Z]
Platform: win32
CPU: AMD Ryzen 5 4500U with Radeon Graphics         
Total Memory: 7599.19 MB
Free Memory: 930.50 MB
------------------------------

[2026-01-20T09:48:57.073Z]
Platform: win32
CPU: AMD Ryzen 5 4500U with Radeon Graphics         
Total Memory: 7599.19 MB
Free Memory: 956.17 MB
------------------------------

[2026-01-20T09:49:02.075Z]
Platform: win32
CPU: AMD Ryzen 5 4500U with Radeon Graphics         
Total Memory: 7599.19 MB
Free Memory: 960.33 MB
------------------------------
[2026-01-21T09:36:01.102Z]
Platform: win32
CPU: 11th Gen Intel(R) Core(TM) i5-1135G7 @ 2.40GHz
Total Memory: 7914.79 MB
Free Memory: 1307.48 MB
------------------------------

[2026-01-21T09:36:06.100Z]
Platform: win32
CPU: 11th Gen Intel(R) Core(TM) i5-1135G7 @ 2.40GHz
Total Memory: 7914.79 MB
Free Memory: 1299.51 MB
------------------------------

[2026-01-21T09:36:11.111Z]
Platform: win32
CPU: 11th Gen Intel(R) Core(TM) i5-1135G7 @ 2.40GHz
Total Memory: 7914.79 MB
Free Memory: 1297.87 MB
------------------------------

[2026-01-21T09:36:16.118Z]
Platform: win32
CPU: 11th Gen Intel(R) Core(TM) i5-1135G7 @ 2.40GHz
Total Memory: 7914.79 MB
Free Memory: 1247.85 MB
------------------------------

[2026-01-21T09:36:21.118Z]
Platform: win32
CPU: 11th Gen Intel(R) Core(TM) i5-1135G7 @ 2.40GHz
Total Memory: 7914.79 MB
Free Memory: 1219.23 MB
------------------------------

[2026-01-21T09:36:26.129Z]
Platform: win32
CPU: 11th Gen Intel(R) Core(TM) i5-1135G7 @ 2.40GHz
Total Memory: 7914.79 MB
Free Memory: 1235.45 MB
------------------------------

[2026-01-21T09:36:31.136Z]
Platform: win32
CPU: 11th Gen Intel(R) Core(TM) i5-1135G7 @ 2.40GHz
Total Memory: 7914.79 MB
Free Memory: 1244.59 MB
------------------------------

[2026-01-21T09:36:36.145Z]
Platform: win32
CPU: 11th Gen Intel(R) Core(TM) i5-1135G7 @ 2.40GHz
Total Memory: 7914.79 MB
Free Memory: 1247.30 MB
------------------------------
